23:25:51 **** Incremental Build of configuration Debug for project led_toggle ****
make -j12 all 
arm-none-eabi-gcc "../Src/main.c" -mcpu=cortex-m4 -std=gnu11 -g3 -DDEBUG -DSTM32 -DSTM32F4 -DSTM32F446RETx -c -I../Inc -O0 -ffunction-sections -fdata-sections -Wall -fstack-usage -fcyclomatic-complexity -MMD -MP -MF"Src/main.d" -MT"Src/main.o" --specs=nano.specs -mfloat-abi=soft -mthumb -o "Src/main.o"
arm-none-eabi-gcc -o "led_toggle.elf" @"objects.list"   -mcpu=cortex-m4 -T"C:\Users\Alec\Documents\repos\Embedded-C\All_source_codes\mytarget\led_toggle\STM32F446RETX_FLASH.ld" --specs=nosys.specs -Wl,-Map="led_toggle.map" -Wl,--gc-sections -static --specs=nano.specs -mfloat-abi=soft -mthumb -Wl,--start-group -lc -lm -Wl,--end-group
Finished building target: led_toggle.elf
 
arm-none-eabi-size   led_toggle.elf 
arm-none-eabi-objdump -h -S  led_toggle.elf  > "led_toggle.list"
   text	   data	    bss	    dec	    hex	filename
    832	      8	   1568	   2408	    968	led_toggle.elf
Finished building: default.size.stdout
 
Finished building: led_toggle.list
 

23:25:52 Build Finished. 0 errors, 0 warnings. (took 423ms)

